Potential Division-by-zero @ simple/sign_simple_error.c:main:7:14, %call = Top
