Potential Division-by-zero @ simple/sign_simple_loop.c:main:7:21, %i.0 = Top
