Potential Tainted-flow @ simple/taint_simple3.c:main:9:4 (call void @sink(i32 %call), !dbg !23)
Potential Tainted-flow @ simple/taint_simple3.c:main:17:2 (call void @sink(i32 %call), !dbg !30)
