7,10
7,8
9,13
9,22
9,9
12,17
12,26
12,13
21,9
9,28
9,9
9,22
9,9
12,17
12,26
12,13
14,28
14,33
16,22
16,20
