7,10
7,14
7,8
11,15
11,19
11,13
13,19
16,13
16,26
16,9
18,20
