Potential Division-by-zero @ advanced/sign_adv1.c:main:10:15, 0 = Zero
Potential Division-by-zero @ advanced/sign_adv1.c:main:21:21, %call = Top
Potential Division-by-zero @ advanced/sign_adv1.c:main:30:11, %t.2 = Top
