Potential Division-by-zero @ advanced/sign_adv4.c:main:14:23, %sub = Top
