Potential Division-by-zero @ simple/sign_simple_mul.c:main:9:15, %mul = Zero
