Potential Division-by-zero @ simple/sign_simple_if_else.c:main:8:16, %call = Top
