Potential Division-by-zero @ simple/sign_simple_sub.c:main:8:14, %call = Top
