Potential Tainted-flow @ simple/taint_simple5.c:main:14:3 (call void @sink(i32 %mul4), !dbg !30)
Potential Tainted-flow @ simple/taint_simple5.c:main:22:3 (call void @sink(i32 %mul11), !dbg !42)
