5,9
5,22
5,5
7,13
7,26
7,9
9,23
10,23
12,23
14,18
14,16
18,9
7,34
7,9
7,26
7,9
9,23
10,23
